// Jest Snapshot v1, https://goo.gl/fbAQLP

exports[`<Review /> rendering should render elements 1`] = `
<ReviewBox
  className="review-box"
>
  <LeftColumn>
    <Avatar
      src="https://s3.amazonaws.com/uifaces/faces/twitter/blakesimkins/128.jpg"
    />
    <Username>
      <Link>
        Salvador.OKon17
      </Link>
    </Username>
    <OwnedGames>
      <SmallLink>
        77 products in account
      </SmallLink>
    </OwnedGames>
    <ReviewCount>
      33 reviews
    </ReviewCount>
  </LeftColumn>
  <RightColumn>
    <VoteHeader>
      <Thumb
        src="/images/thumbs-down.png"
      />
      <TextContainer>
        <Title>
          Not recommended
        </Title>
        <Hours>
          2919 hrs on record
        </Hours>
      </TextContainer>
    </VoteHeader>
    <PostDate>
      POSTED JAN 20TH
    </PostDate>
    <Content>
      Voluptatem voluptatem officia et.
    </Content>
    <ReviewRating
      funny={309}
      no={503}
      post_id={89613}
      yes={993}
    />
  </RightColumn>
</ReviewBox>
`;
